Archive member included to satisfy reference by file (symbol)

/Users/matisserheaume-viale/Library/Application Support/Code/User/globalStorage/mylonics.embedded-build-tools/tools/arm-none-eabi-gcc/bin/../lib/gcc/arm-none-eabi/15.2.1/../../../../arm-none-eabi/lib/thumb/v7-m/nofp/libc_nano.a(libc_a-atexit.o)
                              /Users/matisserheaume-viale/Library/Application Support/Code/User/globalStorage/mylonics.embedded-build-tools/tools/arm-none-eabi-gcc/bin/../lib/gcc/arm-none-eabi/15.2.1/../../../../arm-none-eabi/lib/thumb/v7-m/nofp/crt0.o (atexit)
/Users/matisserheaume-viale/Library/Application Support/Code/User/globalStorage/mylonics.embedded-build-tools/tools/arm-none-eabi-gcc/bin/../lib/gcc/arm-none-eabi/15.2.1/../../../../arm-none-eabi/lib/thumb/v7-m/nofp/libc_nano.a(libc_a-exit.o)
                              /Users/matisserheaume-viale/Library/Application Support/Code/User/globalStorage/mylonics.embedded-build-tools/tools/arm-none-eabi-gcc/bin/../lib/gcc/arm-none-eabi/15.2.1/../../../../arm-none-eabi/lib/thumb/v7-m/nofp/crt0.o (exit)
/Users/matisserheaume-viale/Library/Application Support/Code/User/globalStorage/mylonics.embedded-build-tools/tools/arm-none-eabi-gcc/bin/../lib/gcc/arm-none-eabi/15.2.1/../../../../arm-none-eabi/lib/thumb/v7-m/nofp/libc_nano.a(libc_a-findfp.o)
                              /Users/matisserheaume-viale/Library/Application Support/Code/User/globalStorage/mylonics.embedded-build-tools/tools/arm-none-eabi-gcc/bin/../lib/gcc/arm-none-eabi/15.2.1/../../../../arm-none-eabi/lib/thumb/v7-m/nofp/libc_nano.a(libc_a-exit.o) (__stdio_exit_handler)
/Users/matisserheaume-viale/Library/Application Support/Code/User/globalStorage/mylonics.embedded-build-tools/tools/arm-none-eabi-gcc/bin/../lib/gcc/arm-none-eabi/15.2.1/../../../../arm-none-eabi/lib/thumb/v7-m/nofp/libc_nano.a(libc_a-fwalk.o)
                              /Users/matisserheaume-viale/Library/Application Support/Code/User/globalStorage/mylonics.embedded-build-tools/tools/arm-none-eabi-gcc/bin/../lib/gcc/arm-none-eabi/15.2.1/../../../../arm-none-eabi/lib/thumb/v7-m/nofp/libc_nano.a(libc_a-findfp.o) (_fwalk_sglue)
/Users/matisserheaume-viale/Library/Application Support/Code/User/globalStorage/mylonics.embedded-build-tools/tools/arm-none-eabi-gcc/bin/../lib/gcc/arm-none-eabi/15.2.1/../../../../arm-none-eabi/lib/thumb/v7-m/nofp/libc_nano.a(libc_a-memset.o)
                              /Users/matisserheaume-viale/Library/Application Support/Code/User/globalStorage/mylonics.embedded-build-tools/tools/arm-none-eabi-gcc/bin/../lib/gcc/arm-none-eabi/15.2.1/../../../../arm-none-eabi/lib/thumb/v7-m/nofp/crt0.o (memset)
/Users/matisserheaume-viale/Library/Application Support/Code/User/globalStorage/mylonics.embedded-build-tools/tools/arm-none-eabi-gcc/bin/../lib/gcc/arm-none-eabi/15.2.1/../../../../arm-none-eabi/lib/thumb/v7-m/nofp/libc_nano.a(libc_a-init.o)
                              /Users/matisserheaume-viale/Library/Application Support/Code/User/globalStorage/mylonics.embedded-build-tools/tools/arm-none-eabi-gcc/bin/../lib/gcc/arm-none-eabi/15.2.1/../../../../arm-none-eabi/lib/thumb/v7-m/nofp/crt0.o (__libc_init_array)
/Users/matisserheaume-viale/Library/Application Support/Code/User/globalStorage/mylonics.embedded-build-tools/tools/arm-none-eabi-gcc/bin/../lib/gcc/arm-none-eabi/15.2.1/../../../../arm-none-eabi/lib/thumb/v7-m/nofp/libc_nano.a(libc_a-fini.o)
                              /Users/matisserheaume-viale/Library/Application Support/Code/User/globalStorage/mylonics.embedded-build-tools/tools/arm-none-eabi-gcc/bin/../lib/gcc/arm-none-eabi/15.2.1/../../../../arm-none-eabi/lib/thumb/v7-m/nofp/crt0.o (__libc_fini_array)
/Users/matisserheaume-viale/Library/Application Support/Code/User/globalStorage/mylonics.embedded-build-tools/tools/arm-none-eabi-gcc/bin/../lib/gcc/arm-none-eabi/15.2.1/../../../../arm-none-eabi/lib/thumb/v7-m/nofp/libc_nano.a(libc_a-lock.o)
                              /Users/matisserheaume-viale/Library/Application Support/Code/User/globalStorage/mylonics.embedded-build-tools/tools/arm-none-eabi-gcc/bin/../lib/gcc/arm-none-eabi/15.2.1/../../../../arm-none-eabi/lib/thumb/v7-m/nofp/libc_nano.a(libc_a-findfp.o) (__retarget_lock_init_recursive)
/Users/matisserheaume-viale/Library/Application Support/Code/User/globalStorage/mylonics.embedded-build-tools/tools/arm-none-eabi-gcc/bin/../lib/gcc/arm-none-eabi/15.2.1/../../../../arm-none-eabi/lib/thumb/v7-m/nofp/libc_nano.a(libc_a-impure.o)
                              /Users/matisserheaume-viale/Library/Application Support/Code/User/globalStorage/mylonics.embedded-build-tools/tools/arm-none-eabi-gcc/bin/../lib/gcc/arm-none-eabi/15.2.1/../../../../arm-none-eabi/lib/thumb/v7-m/nofp/libc_nano.a(libc_a-findfp.o) (_impure_data)
[...]
Memory Configuration

Name             Origin             Length             Attributes
RAMEXEC          0x20000000         0x00005000         xrw
FLASH            0x08000000         0x00020000         xr
*default*        0x00000000         0xffffffff

Linker script and memory map

LOAD /Users/matisserheaume-viale/Library/Application Support/Code/User/globalStorage/mylonics.embedded-build-tools/tools/arm-none-eabi-gcc/bin/../lib/gcc/arm-none-eabi/15.2.1/thumb/v7-m/nofp/crti.o
LOAD /Users/matisserheaume-viale/Library/Application Support/Code/User/globalStorage/mylonics.embedded-build-tools/tools/arm-none-eabi-gcc/bin/../lib/gcc/arm-none-eabi/15.2.1/thumb/v7-m/nofp/crtbegin.o
LOAD /Users/matisserheaume-viale/Library/Application Support/Code/User/globalStorage/mylonics.embedded-build-tools/tools/arm-none-eabi-gcc/bin/../lib/gcc/arm-none-eabi/15.2.1/../../../../arm-none-eabi/lib/thumb/v7-m/nofp/crt0.o
START GROUP
LOAD /Users/matisserheaume-viale/Library/Application Support/Code/User/globalStorage/mylonics.embedded-build-tools/tools/arm-none-eabi-gcc/bin/../lib/gcc/arm-none-eabi/15.2.1/../../../../arm-none-eabi/lib/thumb/v7-m/nofp/libc_nano.a
LOAD /Users/matisserheaume-viale/Library/Application Support/Code/User/globalStorage/mylonics.embedded-build-tools/tools/arm-none-eabi-gcc/bin/../lib/gcc/arm-none-eabi/15.2.1/../../../../arm-none-eabi/lib/thumb/v7-m/nofp/libm.a
END GROUP
LOAD CMakeFiles/firmware.dir/Users/matisserheaume-viale/Code/TEP-Session-3-2026-2027/243-356-LI_-_Programmation_3_-_Microcontroleurs_et_peripheriques/Laboratoires/Lab1_GPIO/Src/Lab1.c.obj
LOAD CMakeFiles/firmware.dir/Users/matisserheaume-viale/Code/TEP-Session-3-2026-2027/243-356-LI_-_Programmation_3_-_Microcontroleurs_et_peripheriques/Laboratoires/Lab1_GPIO/startup_stm32f103xb.s.obj
START GROUP
LOAD /Users/matisserheaume-viale/Library/Application Support/Code/User/globalStorage/mylonics.embedded-build-tools/tools/arm-none-eabi-gcc/bin/../lib/gcc/arm-none-eabi/15.2.1/thumb/v7-m/nofp/libgcc.a
LOAD /Users/matisserheaume-viale/Library/Application Support/Code/User/globalStorage/mylonics.embedded-build-tools/tools/arm-none-eabi-gcc/bin/../lib/gcc/arm-none-eabi/15.2.1/../../../../arm-none-eabi/lib/thumb/v7-m/nofp/libg_nano.a
LOAD /Users/matisserheaume-viale/Library/Application Support/Code/User/globalStorage/mylonics.embedded-build-tools/tools/arm-none-eabi-gcc/bin/../lib/gcc/arm-none-eabi/15.2.1/../../../../arm-none-eabi/lib/thumb/v7-m/nofp/libc_nano.a
END GROUP
START GROUP
LOAD /Users/matisserheaume-viale/Library/Application Support/Code/User/globalStorage/mylonics.embedded-build-tools/tools/arm-none-eabi-gcc/bin/../lib/gcc/arm-none-eabi/15.2.1/thumb/v7-m/nofp/libgcc.a
LOAD /Users/matisserheaume-viale/Library/Application Support/Code/User/globalStorage/mylonics.embedded-build-tools/tools/arm-none-eabi-gcc/bin/../lib/gcc/arm-none-eabi/15.2.1/../../../../arm-none-eabi/lib/thumb/v7-m/nofp/libc_nano.a
LOAD /Users/matisserheaume-viale/Library/Application Support/Code/User/globalStorage/mylonics.embedded-build-tools/tools/arm-none-eabi-gcc/bin/../lib/gcc/arm-none-eabi/15.2.1/../../../../arm-none-eabi/lib/thumb/v7-m/nofp/libnosys.a
END GROUP
START GROUP
LOAD /Users/matisserheaume-viale/Library/Application Support/Code/User/globalStorage/mylonics.embedded-build-tools/tools/arm-none-eabi-gcc/bin/../lib/gcc/arm-none-eabi/15.2.1/thumb/v7-m/nofp/libgcc.a
LOAD /Users/matisserheaume-viale/Library/Application Support/Code/User/globalStorage/mylonics.embedded-build-tools/tools/arm-none-eabi-gcc/bin/../lib/gcc/arm-none-eabi/15.2.1/../../../../arm-none-eabi/lib/thumb/v7-m/nofp/libc_nano.a
LOAD /Users/matisserheaume-viale/Library/Application Support/Code/User/globalStorage/mylonics.embedded-build-tools/tools/arm-none-eabi-gcc/bin/../lib/gcc/arm-none-eabi/15.2.1/../../../../arm-none-eabi/lib/thumb/v7-m/nofp/libnosys.a
END GROUP
LOAD /Users/matisserheaume-viale/Library/Application Support/Code/User/globalStorage/mylonics.embedded-build-tools/tools/arm-none-eabi-gcc/bin/../lib/gcc/arm-none-eabi/15.2.1/thumb/v7-m/nofp/crtend.o
LOAD /Users/matisserheaume-viale/Library/Application Support/Code/User/globalStorage/mylonics.embedded-build-tools/tools/arm-none-eabi-gcc/bin/../lib/gcc/arm-none-eabi/15.2.1/thumb/v7-m/nofp/crtn.o
                0x20005000                        _estack = (ORIGIN (RAMEXEC) + LENGTH (RAMEXEC))
                0x00000200                        _Min_Heap_Size = 0x200
                0x00000400                        _Min_Stack_Size = 0x400

.isr_vector     0x08000000       0x80
                0x08000000                        . = ALIGN (0x4)
 *(.isr_vector)
 .isr_vector    0x08000000       0x80 CMakeFiles/firmware.dir/Users/matisserheaume-viale/Code/TEP-Session-3-2026-2027/243-356-LI_-_Programmation_3_-_Microcontroleurs_et_peripheriques/Laboratoires/Lab1_GPIO/startup_stm32f103xb.s.obj
                0x08000000                g_pfnVectors
                0x08000080                        . = ALIGN (0x4)

.text           0x08000080      0x260
                0x08000080                        . = ALIGN (0x4)
 *(.text)
 .text          0x08000080       0x48 CMakeFiles/firmware.dir/Users/matisserheaume-viale/Code/TEP-Session-3-2026-2027/243-356-LI_-_Programmation_3_-_Microcontroleurs_et_peripheriques/Laboratoires/Lab1_GPIO/startup_stm32f103xb.s.obj
                0x08000080                Reset_Handler
                0x080000b0                Default_Handler
 *(.text*)
 .text.__do_global_dtors_aux
                0x080000c8       0x28 /Users/matisserheaume-viale/Library/Application Support/Code/User/globalStorage/mylonics.embedded-build-tools/tools/arm-none-eabi-gcc/bin/../lib/gcc/arm-none-eabi/15.2.1/thumb/v7-m/nofp/crtbegin.o
 .text.frame_dummy
                0x080000f0       0x1c /Users/matisserheaume-viale/Library/Application Support/Code/User/globalStorage/mylonics.embedded-build-tools/tools/arm-none-eabi-gcc/bin/../lib/gcc/arm-none-eabi/15.2.1/thumb/v7-m/nofp/crtbegin.o
 .text.GPIO_InitPin
                0x0800010c       0x74 CMakeFiles/firmware.dir/Users/matisserheaume-viale/Code/TEP-Session-3-2026-2027/243-356-LI_-_Programmation_3_-_Microcontroleurs_et_peripheriques/Laboratoires/Lab1_GPIO/Src/Lab1.c.obj
                0x0800010c                GPIO_InitPin
 .text.GPIO_WritePin
                0x08000180       0x44 CMakeFiles/firmware.dir/Users/matisserheaume-viale/Code/TEP-Session-3-2026-2027/243-356-LI_-_Programmation_3_-_Microcontroleurs_et_peripheriques/Laboratoires/Lab1_GPIO/Src/Lab1.c.obj
                0x08000180                GPIO_WritePin
 .text.GPIO_ReadPin
                0x080001c4       0x30 CMakeFiles/firmware.dir/Users/matisserheaume-viale/Code/TEP-Session-3-2026-2027/243-356-LI_-_Programmation_3_-_Microcontroleurs_et_peripheriques/Laboratoires/Lab1_GPIO/Src/Lab1.c.obj
                0x080001c4                GPIO_ReadPin
 .text.Systeme_Delai
                0x080001f4       0x3c CMakeFiles/firmware.dir/Users/matisserheaume-viale/Code/TEP-Session-3-2026-2027/243-356-LI_-_Programmation_3_-_Microcontroleurs_et_peripheriques/Laboratoires/Lab1_GPIO/Src/Lab1.c.obj
                0x080001f4                Systeme_Delai
 .text.main     0x08000230       0x98 CMakeFiles/firmware.dir/Users/matisserheaume-viale/Code/TEP-Session-3-2026-2027/243-356-LI_-_Programmation_3_-_Microcontroleurs_et_peripheriques/Laboratoires/Lab1_GPIO/Src/Lab1.c.obj
                0x08000230                main
 *(.glue_7)
 .glue_7        0x080002c8        0x0 linker stubs
 *(.glue_7t)
 .glue_7t       0x080002c8        0x0 linker stubs
 *(.eh_frame)
 .eh_frame      0x080002c8        0x0 /Users/matisserheaume-viale/Library/Application Support/Code/User/globalStorage/mylonics.embedded-build-tools/tools/arm-none-eabi-gcc/bin/../lib/gcc/arm-none-eabi/15.2.1/thumb/v7-m/nofp/crtbegin.o
 *(.init)
 .init          0x080002c8        0x4 /Users/matisserheaume-viale/Library/Application Support/Code/User/globalStorage/mylonics.embedded-build-tools/tools/arm-none-eabi-gcc/bin/../lib/gcc/arm-none-eabi/15.2.1/thumb/v7-m/nofp/crti.o
                0x080002c8                _init
 .init          0x080002cc        0x8 /Users/matisserheaume-viale/Library/Application Support/Code/User/globalStorage/mylonics.embedded-build-tools/tools/arm-none-eabi-gcc/bin/../lib/gcc/arm-none-eabi/15.2.1/thumb/v7-m/nofp/crtn.o
 *(.fini)
 .fini          0x080002d4        0x4 /Users/matisserheaume-viale/Library/Application Support/Code/User/globalStorage/mylonics.embedded-build-tools/tools/arm-none-eabi-gcc/bin/../lib/gcc/arm-none-eabi/15.2.1/thumb/v7-m/nofp/crti.o
                0x080002d4                _fini
 .fini          0x080002d8        0x8 /Users/matisserheaume-viale/Library/Application Support/Code/User/globalStorage/mylonics.embedded-build-tools/tools/arm-none-eabi-gcc/bin/../lib/gcc/arm-none-eabi/15.2.1/thumb/v7-m/nofp/crtn.o
                0x080002e0                        . = ALIGN (0x4)
                0x080002e0                        _etext = .

.vfp11_veneer   0x080002e0        0x0
 .vfp11_veneer  0x080002e0        0x0 linker stubs

.v4_bx          0x080002e0        0x0
 .v4_bx         0x080002e0        0x0 linker stubs

.iplt           0x080002e0        0x0
 .iplt          0x080002e0        0x0 /Users/matisserheaume-viale/Library/Application Support/Code/User/globalStorage/mylonics.embedded-build-tools/tools/arm-none-eabi-gcc/bin/../lib/gcc/arm-none-eabi/15.2.1/thumb/v7-m/nofp/crtbegin.o

.rodata         0x080002e0        0x0
                0x080002e0                        . = ALIGN (0x4)
 *(.rodata)
 *(.rodata*)
                0x080002e0                        . = ALIGN (0x4)

.ARM.extab      0x080002e0        0x0
                0x080002e0                        . = ALIGN (0x4)
 *(.ARM.extab* .gnu.linkonce.armextab.*)
                0x080002e0                        . = ALIGN (0x4)

.ARM            0x080002e0        0x0
                0x080002e0                        . = ALIGN (0x4)
                0x080002e0                        __exidx_start = .
 *(.ARM.exidx*)
                0x080002e0                        __exidx_end = .
                0x080002e0                        . = ALIGN (0x4)

.preinit_array  0x080002e0        0x0
                0x080002e0                        . = ALIGN (0x4)
                0x080002e0                        PROVIDE (__preinit_array_start = .)
 *(.preinit_array*)
                0x080002e0                        PROVIDE (__preinit_array_end = .)
                0x080002e0                        . = ALIGN (0x4)

.init_array     0x080002e0        0x4
                0x080002e0                        . = ALIGN (0x4)
                0x080002e0                        PROVIDE (__init_array_start = .)
 *(SORT_BY_NAME(.init_array.*))
 *(.init_array*)
 .init_array    0x080002e0        0x4 /Users/matisserheaume-viale/Library/Application Support/Code/User/globalStorage/mylonics.embedded-build-tools/tools/arm-none-eabi-gcc/bin/../lib/gcc/arm-none-eabi/15.2.1/thumb/v7-m/nofp/crtbegin.o
                0x080002e4                        PROVIDE (__init_array_end = .)
                0x080002e4                        . = ALIGN (0x4)

.fini_array     0x080002e4        0x4
                0x080002e4                        . = ALIGN (0x4)
                0x080002e4                        PROVIDE (__fini_array_start = .)
 *(SORT_BY_NAME(.fini_array.*))
 *(.fini_array*)
 .fini_array    0x080002e4        0x4 /Users/matisserheaume-viale/Library/Application Support/Code/User/globalStorage/mylonics.embedded-build-tools/tools/arm-none-eabi-gcc/bin/../lib/gcc/arm-none-eabi/15.2.1/thumb/v7-m/nofp/crtbegin.o
                0x080002e8                        PROVIDE (__fini_array_end = .)
                0x080002e8                        . = ALIGN (0x4)
                0x080002e8                        _sidata = LOADADDR (.data)

.rel.dyn        0x080002e8        0x0
 .rel.iplt      0x080002e8        0x0 /Users/matisserheaume-viale/Library/Application Support/Code/User/globalStorage/mylonics.embedded-build-tools/tools/arm-none-eabi-gcc/bin/../lib/gcc/arm-none-eabi/15.2.1/thumb/v7-m/nofp/crtbegin.o

.data           0x20000000        0x0 load address 0x080002e8
                0x20000000                        _sdata = .
 *(.data)
 *(.data*)
 *(.RamFunc)
 *(.RamFunc*)
                0x20000000                        . = ALIGN (0x4)

.igot.plt       0x20000000        0x0 load address 0x080002e8
 .igot.plt      0x20000000        0x0 /Users/matisserheaume-viale/Library/Application Support/Code/User/globalStorage/mylonics.embedded-build-tools/tools/arm-none-eabi-gcc/bin/../lib/gcc/arm-none-eabi/15.2.1/thumb/v7-m/nofp/crtbegin.o

.tdata          0x20000000        0x0 load address 0x080002e8
 *(.tdata .tdata.* .gnu.linkonce.td.*)
                0x20000000                        . = ALIGN (0x4)
                0x20000000                        _edata = .
                [!provide]                        PROVIDE (__data_end = .)
                [!provide]                        PROVIDE (__tdata_end = .)
                [!provide]                        PROVIDE (__tdata_start = ADDR (.tdata))
                [!provide]                        PROVIDE (__tdata_size = (__tdata_end - __tdata_start))
                [!provide]                        PROVIDE (__data_start = ADDR (.data))
                [!provide]                        PROVIDE (__data_size = (__data_end - __data_start))
                [!provide]                        PROVIDE (__tdata_source = LOADADDR (.tdata))
                [!provide]                        PROVIDE (__tdata_source_end = (LOADADDR (.tdata) + SIZEOF (.tdata)))
                [!provide]                        PROVIDE (__tdata_source_size = (__tdata_source_end - __tdata_source))
                [!provide]                        PROVIDE (__data_source = LOADADDR (.data))
                [!provide]                        PROVIDE (__data_source_end = __tdata_source_end)
                [!provide]                        PROVIDE (__data_source_size = (__data_source_end - __data_source))

.tbss           0x20000000        0x0 load address 0x080002e8
                0x20000000                        _sbss = .
                0x20000000                        __bss_start__ = _sbss
                [!provide]                        PROVIDE (__bss_start = .)
 *(.tbss .tbss.*)
                0x20000000                        . = ALIGN (0x4)
                [!provide]                        PROVIDE (__tbss_end = .)
                [!provide]                        PROVIDE (__tbss_start = ADDR (.tbss))
                [!provide]                        PROVIDE (__tbss_size = (__tbss_end - __tbss_start))
                [!provide]                        PROVIDE (__tbss_offset = (ADDR (.tbss) - ADDR (.tdata)))
                [!provide]                        PROVIDE (__tls_base = __tdata_start)
                [!provide]                        PROVIDE (__tls_end = __tbss_end)
                [!provide]                        PROVIDE (__tls_size = (__tls_end - __tls_base))
                [!provide]                        PROVIDE (__tls_align = MAX (ALIGNOF (.tdata), ALIGNOF (.tbss)))
                [!provide]                        PROVIDE (__tls_size_align = (((__tls_size + __tls_align) - 0x1) & ~ ((__tls_align - 0x1))))
                [!provide]                        PROVIDE (__arm32_tls_tcb_offset = MAX (0x8, __tls_align))
                [!provide]                        PROVIDE (__arm64_tls_tcb_offset = MAX (0x10, __tls_align))

.bss            0x20000000       0x1c load address 0x080002e8
 *(.bss)
 *(.bss*)
 .bss.completed.1
                0x20000000        0x1 /Users/matisserheaume-viale/Library/Application Support/Code/User/globalStorage/mylonics.embedded-build-tools/tools/arm-none-eabi-gcc/bin/../lib/gcc/arm-none-eabi/15.2.1/thumb/v7-m/nofp/crtbegin.o
 *fill*         0x20000001        0x3 
 .bss.object.0  0x20000004       0x18 /Users/matisserheaume-viale/Library/Application Support/Code/User/globalStorage/mylonics.embedded-build-tools/tools/arm-none-eabi-gcc/bin/../lib/gcc/arm-none-eabi/15.2.1/thumb/v7-m/nofp/crtbegin.o
 *(COMMON)
                0x2000001c                        . = ALIGN (0x4)
                0x2000001c                        _ebss = .
                0x2000001c                        __bss_end__ = _ebss
                [!provide]                        PROVIDE (__bss_end = .)
                [!provide]                        PROVIDE (__bss_size = (__bss_end - __bss_start))
                [!provide]                        PROVIDE (__non_tls_bss_start = ADDR (.bss))

._user_heap_stack
                0x2000001c      0x604 load address 0x080002e8
                0x20000020                        . = ALIGN (0x8)
 *fill*         0x2000001c        0x4 
                0x20000020                        PROVIDE (end = .)
                [!provide]                        PROVIDE (_end = .)
                0x20000220                        . = (. + _Min_Heap_Size)
 *fill*         0x20000020      0x200 
                0x20000620                        . = (. + _Min_Stack_Size)
 *fill*         0x20000220      0x400 
                0x20000620                        . = ALIGN (0x8)

/DISCARD/
 libc.a:*(*)
 libm.a:*(*)
 libgcc.a:*(*)

.ARM.attributes
                0x00000000       0x29
 *(.ARM.attributes)
 .ARM.attributes
                0x00000000       0x1d /Users/matisserheaume-viale/Library/Application Support/Code/User/globalStorage/mylonics.embedded-build-tools/tools/arm-none-eabi-gcc/bin/../lib/gcc/arm-none-eabi/15.2.1/thumb/v7-m/nofp/crti.o
 .ARM.attributes
                0x0000001d       0x2d /Users/matisserheaume-viale/Library/Application Support/Code/User/globalStorage/mylonics.embedded-build-tools/tools/arm-none-eabi-gcc/bin/../lib/gcc/arm-none-eabi/15.2.1/thumb/v7-m/nofp/crtbegin.o
 .ARM.attributes
                0x0000004a       0x2d CMakeFiles/firmware.dir/Users/matisserheaume-viale/Code/TEP-Session-3-2026-2027/243-356-LI_-_Programmation_3_-_Microcontroleurs_et_peripheriques/Laboratoires/Lab1_GPIO/Src/Lab1.c.obj
 .ARM.attributes
                0x00000077       0x21 CMakeFiles/firmware.dir/Users/matisserheaume-viale/Code/TEP-Session-3-2026-2027/243-356-LI_-_Programmation_3_-_Microcontroleurs_et_peripheriques/Laboratoires/Lab1_GPIO/startup_stm32f103xb.s.obj
 .ARM.attributes
                0x00000098       0x1d /Users/matisserheaume-viale/Library/Application Support/Code/User/globalStorage/mylonics.embedded-build-tools/tools/arm-none-eabi-gcc/bin/../lib/gcc/arm-none-eabi/15.2.1/thumb/v7-m/nofp/crtn.o
OUTPUT(firmware.elf elf32-littlearm)
LOAD linker stubs

.comment        0x00000000       0x38
 .comment       0x00000000       0x38 /Users/matisserheaume-viale/Library/Application Support/Code/User/globalStorage/mylonics.embedded-build-tools/tools/arm-none-eabi-gcc/bin/../lib/gcc/arm-none-eabi/15.2.1/thumb/v7-m/nofp/crtbegin.o
                                 0x39 (size before relaxing)
 .comment       0x00000038        0x0 CMakeFiles/firmware.dir/Users/matisserheaume-viale/Code/TEP-Session-3-2026-2027/243-356-LI_-_Programmation_3_-_Microcontroleurs_et_peripheriques/Laboratoires/Lab1_GPIO/Src/Lab1.c.obj
                                 0x39 (size before relaxing)

.debug_info     0x00000000      0x19d
 .debug_info    0x00000000      0x161 CMakeFiles/firmware.dir/Users/matisserheaume-viale/Code/TEP-Session-3-2026-2027/243-356-LI_-_Programmation_3_-_Microcontroleurs_et_peripheriques/Laboratoires/Lab1_GPIO/Src/Lab1.c.obj
 .debug_info    0x00000161       0x3c CMakeFiles/firmware.dir/Users/matisserheaume-viale/Code/TEP-Session-3-2026-2027/243-356-LI_-_Programmation_3_-_Microcontroleurs_et_peripheriques/Laboratoires/Lab1_GPIO/startup_stm32f103xb.s.obj

.debug_abbrev   0x00000000      0x105
 .debug_abbrev  0x00000000       0xdd CMakeFiles/firmware.dir/Users/matisserheaume-viale/Code/TEP-Session-3-2026-2027/243-356-LI_-_Programmation_3_-_Microcontroleurs_et_peripheriques/Laboratoires/Lab1_GPIO/Src/Lab1.c.obj
 .debug_abbrev  0x000000dd       0x28 CMakeFiles/firmware.dir/Users/matisserheaume-viale/Code/TEP-Session-3-2026-2027/243-356-LI_-_Programmation_3_-_Microcontroleurs_et_peripheriques/Laboratoires/Lab1_GPIO/startup_stm32f103xb.s.obj

.debug_aranges  0x00000000       0x60
 .debug_aranges
                0x00000000       0x40 CMakeFiles/firmware.dir/Users/matisserheaume-viale/Code/TEP-Session-3-2026-2027/243-356-LI_-_Programmation_3_-_Microcontroleurs_et_peripheriques/Laboratoires/Lab1_GPIO/Src/Lab1.c.obj
 .debug_aranges
                0x00000040       0x20 CMakeFiles/firmware.dir/Users/matisserheaume-viale/Code/TEP-Session-3-2026-2027/243-356-LI_-_Programmation_3_-_Microcontroleurs_et_peripheriques/Laboratoires/Lab1_GPIO/startup_stm32f103xb.s.obj

.debug_rnglists
                0x00000000       0x2c
 .debug_rnglists
                0x00000000       0x2c CMakeFiles/firmware.dir/Users/matisserheaume-viale/Code/TEP-Session-3-2026-2027/243-356-LI_-_Programmation_3_-_Microcontroleurs_et_peripheriques/Laboratoires/Lab1_GPIO/Src/Lab1.c.obj

.debug_line     0x00000000      0x241
 .debug_line    0x00000000      0x1dc CMakeFiles/firmware.dir/Users/matisserheaume-viale/Code/TEP-Session-3-2026-2027/243-356-LI_-_Programmation_3_-_Microcontroleurs_et_peripheriques/Laboratoires/Lab1_GPIO/Src/Lab1.c.obj
 .debug_line    0x000001dc       0x65 CMakeFiles/firmware.dir/Users/matisserheaume-viale/Code/TEP-Session-3-2026-2027/243-356-LI_-_Programmation_3_-_Microcontroleurs_et_peripheriques/Laboratoires/Lab1_GPIO/startup_stm32f103xb.s.obj

.debug_str      0x00000000      0x31e
 .debug_str     0x00000000      0x31e CMakeFiles/firmware.dir/Users/matisserheaume-viale/Code/TEP-Session-3-2026-2027/243-356-LI_-_Programmation_3_-_Microcontroleurs_et_peripheriques/Laboratoires/Lab1_GPIO/Src/Lab1.c.obj
                                0x24b (size before relaxing)
 .debug_str     0x0000031e        0x0 CMakeFiles/firmware.dir/Users/matisserheaume-viale/Code/TEP-Session-3-2026-2027/243-356-LI_-_Programmation_3_-_Microcontroleurs_et_peripheriques/Laboratoires/Lab1_GPIO/startup_stm32f103xb.s.obj
                                0x16e (size before relaxing)

.debug_frame    0x00000000       0xd0
 .debug_frame   0x00000000       0xd0 CMakeFiles/firmware.dir/Users/matisserheaume-viale/Code/TEP-Session-3-2026-2027/243-356-LI_-_Programmation_3_-_Microcontroleurs_et_peripheriques/Laboratoires/Lab1_GPIO/Src/Lab1.c.obj

.debug_line_str
                0x00000000      0x142
 .debug_line_str
                0x00000000      0x142 CMakeFiles/firmware.dir/Users/matisserheaume-viale/Code/TEP-Session-3-2026-2027/243-356-LI_-_Programmation_3_-_Microcontroleurs_et_peripheriques/Laboratoires/Lab1_GPIO/startup_stm32f103xb.s.obj

Cross Reference Table

Symbol                                            File
Default_Handler                                   CMakeFiles/firmware.dir/Users/matisserheaume-viale/Code/TEP-Session-3-2026-2027/243-356-LI_-_Programmation_3_-_Microcontroleurs_et_peripheriques/Laboratoires/Lab1_GPIO/startup_stm32f103xb.s.obj
GPIO_InitPin                                      CMakeFiles/firmware.dir/Users/matisserheaume-viale/Code/TEP-Session-3-2026-2027/243-356-LI_-_Programmation_3_-_Microcontroleurs_et_peripheriques/Laboratoires/Lab1_GPIO/Src/Lab1.c.obj
GPIO_ReadPin                                      CMakeFiles/firmware.dir/Users/matisserheaume-viale/Code/TEP-Session-3-2026-2027/243-356-LI_-_Programmation_3_-_Microcontroleurs_et_peripheriques/Laboratoires/Lab1_GPIO/Src/Lab1.c.obj
GPIO_WritePin                                     CMakeFiles/firmware.dir/Users/matisserheaume-viale/Code/TEP-Session-3-2026-2027/243-356-LI_-_Programmation_3_-_Microcontroleurs_et_peripheriques/Laboratoires/Lab1_GPIO/Src/Lab1.c.obj
Reset_Handler                                     CMakeFiles/firmware.dir/Users/matisserheaume-viale/Code/TEP-Session-3-2026-2027/243-356-LI_-_Programmation_3_-_Microcontroleurs_et_peripheriques/Laboratoires/Lab1_GPIO/startup_stm32f103xb.s.obj
Systeme_Delai                                     CMakeFiles/firmware.dir/Users/matisserheaume-viale/Code/TEP-Session-3-2026-2027/243-356-LI_-_Programmation_3_-_Microcontroleurs_et_peripheriques/Laboratoires/Lab1_GPIO/Src/Lab1.c.obj
__atexit                                          /Users/matisserheaume-viale/Library/Application Support/Code/User/globalStorage/mylonics.embedded-build-tools/tools/arm-none-eabi-gcc/bin/../lib/gcc/arm-none-eabi/15.2.1/../../../../arm-none-eabi/lib/thumb/v7-m/nofp/libc_nano.a(libc_a-__call_atexit.o)
                                                  /Users/matisserheaume-viale/Library/Application Support/Code/User/globalStorage/mylonics.embedded-build-tools/tools/arm-none-eabi-gcc/bin/../lib/gcc/arm-none-eabi/15.2.1/../../../../arm-none-eabi/lib/thumb/v7-m/nofp/libc_nano.a(libc_a-__atexit.o)
__atexit0                                         /Users/matisserheaume-viale/Library/Application Support/Code/User/globalStorage/mylonics.embedded-build-tools/tools/arm-none-eabi-gcc/bin/../lib/gcc/arm-none-eabi/15.2.1/../../../../arm-none-eabi/lib/thumb/v7-m/nofp/libc_nano.a(libc_a-__atexit.o)
__atexit_dummy                                    /Users/matisserheaume-viale/Library/Application Support/Code/User/globalStorage/mylonics.embedded-build-tools/tools/arm-none-eabi-gcc/bin/../lib/gcc/arm-none-eabi/15.2.1/../../../../arm-none-eabi/lib/thumb/v7-m/nofp/libc_nano.a(libc_a-__atexit.o)
__atexit_recursive_mutex                          /Users/matisserheaume-viale/Library/Application Support/Code/User/globalStorage/mylonics.embedded-build-tools/tools/arm-none-eabi-gcc/bin/../lib/gcc/arm-none-eabi/15.2.1/../../../../arm-none-eabi/lib/thumb/v7-m/nofp/libc_nano.a(libc_a-__call_atexit.o)
                                                  /Users/matisserheaume-viale/Library/Application Support/Code/User/globalStorage/mylonics.embedded-build-tools/tools/arm-none-eabi-gcc/bin/../lib/gcc/arm-none-eabi/15.2.1/../../../../arm-none-eabi/lib/thumb/v7-m/nofp/libc_nano.a(libc_a-__atexit.o)
__bss_end__                                       /Users/matisserheaume-viale/Library/Application Support/Code/User/globalStorage/mylonics.embedded-build-tools/tools/arm-none-eabi-gcc/bin/../lib/gcc/arm-none-eabi/15.2.1/../../../../arm-none-eabi/lib/thumb/v7-m/nofp/crt0.o
__bss_start__                                     /Users/matisserheaume-viale/Library/Application Support/Code/User/globalStorage/mylonics.embedded-build-tools/tools/arm-none-eabi-gcc/bin/../lib/gcc/arm-none-eabi/15.2.1/../../../../arm-none-eabi/lib/thumb/v7-m/nofp/crt0.o
__call_exitprocs                                  /Users/matisserheaume-viale/Library/Application Support/Code/User/globalStorage/mylonics.embedded-build-tools/tools/arm-none-eabi-gcc/bin/../lib/gcc/arm-none-eabi/15.2.1/../../../../arm-none-eabi/lib/thumb/v7-m/nofp/libc_nano.a(libc_a-__call_atexit.o)
                                                  /Users/matisserheaume-viale/Library/Application Support/Code/User/globalStorage/mylonics.embedded-build-tools/tools/arm-none-eabi-gcc/bin/../lib/gcc/arm-none-eabi/15.2.1/../../../../arm-none-eabi/lib/thumb/v7-m/nofp/libc_nano.a(libc_a-__atexit.o)
                                                  /Users/matisserheaume-viale/Library/Application Support/Code/User/globalStorage/mylonics.embedded-build-tools/tools/arm-none-eabi-gcc/bin/../lib/gcc/arm-none-eabi/15.2.1/../../../../arm-none-eabi/lib/thumb/v7-m/nofp/libc_nano.a(libc_a-exit.o)
__deregister_frame_info                           /Users/matisserheaume-viale/Library/Application Support/Code/User/globalStorage/mylonics.embedded-build-tools/tools/arm-none-eabi-gcc/bin/../lib/gcc/arm-none-eabi/15.2.1/thumb/v7-m/nofp/crtbegin.o
__dso_handle                                      /Users/matisserheaume-viale/Library/Application Support/Code/User/globalStorage/mylonics.embedded-build-tools/tools/arm-none-eabi-gcc/bin/../lib/gcc/arm-none-eabi/15.2.1/thumb/v7-m/nofp/crtbegin.o
__fini_array_end                                  /Users/matisserheaume-viale/Library/Application Support/Code/User/globalStorage/mylonics.embedded-build-tools/tools/arm-none-eabi-gcc/bin/../lib/gcc/arm-none-eabi/15.2.1/../../../../arm-none-eabi/lib/thumb/v7-m/nofp/libc_nano.a(libc_a-fini.o)
__fini_array_start                                /Users/matisserheaume-viale/Library/Application Support/Code/User/globalStorage/mylonics.embedded-build-tools/tools/arm-none-eabi-gcc/bin/../lib/gcc/arm-none-eabi/15.2.1/../../../../arm-none-eabi/lib/thumb/v7-m/nofp/libc_nano.a(libc_a-fini.o)
__fp_lock_all                                     /Users/matisserheaume-viale/Library/Application Support/Code/User/globalStorage/mylonics.embedded-build-tools/tools/arm-none-eabi-gcc/bin/../lib/gcc/arm-none-eabi/15.2.1/../../../../arm-none-eabi/lib/thumb/v7-m/nofp/libc_nano.a(libc_a-findfp.o)
__fp_unlock_all                                   /Users/matisserheaume-viale/Library/Application Support/Code/User/globalStorage/mylonics.embedded-build-tools/tools/arm-none-eabi-gcc/bin/../lib/gcc/arm-none-eabi/15.2.1/../../../../arm-none-eabi/lib/thumb/v7-m/nofp/libc_nano.a(libc_a-findfp.o)
__init_array_end                                  /Users/matisserheaume-viale/Library/Application Support/Code/User/globalStorage/mylonics.embedded-build-tools/tools/arm-none-eabi-gcc/bin/../lib/gcc/arm-none-eabi/15.2.1/../../../../arm-none-eabi/lib/thumb/v7-m/nofp/libc_nano.a(libc_a-init.o)
__init_array_start                                /Users/matisserheaume-viale/Library/Application Support/Code/User/globalStorage/mylonics.embedded-build-tools/tools/arm-none-eabi-gcc/bin/../lib/gcc/arm-none-eabi/15.2.1/../../../../arm-none-eabi/lib/thumb/v7-m/nofp/libc_nano.a(libc_a-init.o)
__libc_fini_array                                 /Users/matisserheaume-viale/Library/Application Support/Code/User/globalStorage/mylonics.embedded-build-tools/tools/arm-none-eabi-gcc/bin/../lib/gcc/arm-none-eabi/15.2.1/../../../../arm-none-eabi/lib/thumb/v7-m/nofp/libc_nano.a(libc_a-fini.o)
                                                  /Users/matisserheaume-viale/Library/Application Support/Code/User/globalStorage/mylonics.embedded-build-tools/tools/arm-none-eabi-gcc/bin/../lib/gcc/arm-none-eabi/15.2.1/../../../../arm-none-eabi/lib/thumb/v7-m/nofp/crt0.o
__libc_init_array                                 /Users/matisserheaume-viale/Library/Application Support/Code/User/globalStorage/mylonics.embedded-build-tools/tools/arm-none-eabi-gcc/bin/../lib/gcc/arm-none-eabi/15.2.1/../../../../arm-none-eabi/lib/thumb/v7-m/nofp/libc_nano.a(libc_a-init.o)
                                                  /Users/matisserheaume-viale/Library/Application Support/Code/User/globalStorage/mylonics.embedded-build-tools/tools/arm-none-eabi-gcc/bin/../lib/gcc/arm-none-eabi/15.2.1/../../../../arm-none-eabi/lib/thumb/v7-m/nofp/crt0.o
__lock___arc4random_mutex                         /Users/matisserheaume-viale/Library/Application Support/Code/User/globalStorage/mylonics.embedded-build-tools/tools/arm-none-eabi-gcc/bin/../lib/gcc/arm-none-eabi/15.2.1/../../../../arm-none-eabi/lib/thumb/v7-m/nofp/libc_nano.a(libc_a-lock.o)
__lock___at_quick_exit_mutex                      /Users/matisserheaume-viale/Library/Application Support/Code/User/globalStorage/mylonics.embedded-build-tools/tools/arm-none-eabi-gcc/bin/../lib/gcc/arm-none-eabi/15.2.1/../../../../arm-none-eabi/lib/thumb/v7-m/nofp/libc_nano.a(libc_a-lock.o)
__lock___atexit_recursive_mutex                   /Users/matisserheaume-viale/Library/Application Support/Code/User/globalStorage/mylonics.embedded-build-tools/tools/arm-none-eabi-gcc/bin/../lib/gcc/arm-none-eabi/15.2.1/../../../../arm-none-eabi/lib/thumb/v7-m/nofp/libc_nano.a(libc_a-lock.o)
                                                  /Users/matisserheaume-viale/Library/Application Support/Code/User/globalStorage/mylonics.embedded-build-tools/tools/arm-none-eabi-gcc/bin/../lib/gcc/arm-none-eabi/15.2.1/../../../../arm-none-eabi/lib/thumb/v7-m/nofp/libc_nano.a(libc_a-__call_atexit.o)
__lock___dd_hash_mutex                            /Users/matisserheaume-viale/Library/Application Support/Code/User/globalStorage/mylonics.embedded-build-tools/tools/arm-none-eabi-gcc/bin/../lib/gcc/arm-none-eabi/15.2.1/../../../../arm-none-eabi/lib/thumb/v7-m/nofp/libc_nano.a(libc_a-lock.o)
__lock___env_recursive_mutex                      /Users/matisserheaume-viale/Library/Application Support/Code/User/globalStorage/mylonics.embedded-build-tools/tools/arm-none-eabi-gcc/bin/../lib/gcc/arm-none-eabi/15.2.1/../../../../arm-none-eabi/lib/thumb/v7-m/nofp/libc_nano.a(libc_a-lock.o)
__lock___malloc_recursive_mutex                   /Users/matisserheaume-viale/Library/Application Support/Code/User/globalStorage/mylonics.embedded-build-tools/tools/arm-none-eabi-gcc/bin/../lib/gcc/arm-none-eabi/15.2.1/../../../../arm-none-eabi/lib/thumb/v7-m/nofp/libc_nano.a(libc_a-lock.o)
                                                  /Users/matisserheaume-viale/Library/Application Support/Code/User/globalStorage/mylonics.embedded-build-tools/tools/arm-none-eabi-gcc/bin/../lib/gcc/arm-none-eabi/15.2.1/../../../../arm-none-eabi/lib/thumb/v7-m/nofp/libc_nano.a(libc_a-mlock.o)
__lock___sfp_recursive_mutex                      /Users/matisserheaume-viale/Library/Application Support/Code/User/globalStorage/mylonics.embedded-build-tools/tools/arm-none-eabi-gcc/bin/../lib/gcc/arm-none-eabi/15.2.1/../../../../arm-none-eabi/lib/thumb/v7-m/nofp/libc_nano.a(libc_a-lock.o)
                                                  /Users/matisserheaume-viale/Library/Application Support/Code/User/globalStorage/mylonics.embedded-build-tools/tools/arm-none-eabi-gcc/bin/../lib/gcc/arm-none-eabi/15.2.1/../../../../arm-none-eabi/lib/thumb/v7-m/nofp/libc_nano.a(libc_a-findfp.o)
__lock___tz_mutex                                 /Users/matisserheaume-viale/Library/Application Support/Code/User/globalStorage/mylonics.embedded-build-tools/tools/arm-none-eabi-gcc/bin/../lib/gcc/arm-none-eabi/15.2.1/../../../../arm-none-eabi/lib/thumb/v7-m/nofp/libc_nano.a(libc_a-lock.o)
__malloc_free_list                                /Users/matisserheaume-viale/Library/Application Support/Code/User/globalStorage/mylonics.embedded-build-tools/tools/arm-none-eabi-gcc/bin/../lib/gcc/arm-none-eabi/15.2.1/../../../../arm-none-eabi/lib/thumb/v7-m/nofp/libc_nano.a(libc_a-mallocr.o)
                                                  /Users/matisserheaume-viale/Library/Application Support/Code/User/globalStorage/mylonics.embedded-build-tools/tools/arm-none-eabi-gcc/bin/../lib/gcc/arm-none-eabi/15.2.1/../../../../arm-none-eabi/lib/thumb/v7-m/nofp/libc_nano.a(libc_a-freer.o)
__malloc_lock                                     /Users/matisserheaume-viale/Library/Application Support/Code/User/globalStorage/mylonics.embedded-build-tools/tools/arm-none-eabi-gcc/bin/../lib/gcc/arm-none-eabi/15.2.1/../../../../arm-none-eabi/lib/thumb/v7-m/nofp/libc_nano.a(libc_a-mlock.o)
                                                  /Users/matisserheaume-viale/Library/Application Support/Code/User/globalStorage/mylonics.embedded-build-tools/tools/arm-none-eabi-gcc/bin/../lib/gcc/arm-none-eabi/15.2.1/../../../../arm-none-eabi/lib/thumb/v7-m/nofp/libc_nano.a(libc_a-freer.o)
                                                  /Users/matisserheaume-viale/Library/Application Support/Code/User/globalStorage/mylonics.embedded-build-tools/tools/arm-none-eabi-gcc/bin/../lib/gcc/arm-none-eabi/15.2.1/../../../../arm-none-eabi/lib/thumb/v7-m/nofp/libc_nano.a(libc_a-mallocr.o)
__malloc_sbrk_start                               /Users/matisserheaume-viale/Library/Application Support/Code/User/globalStorage/mylonics.embedded-build-tools/tools/arm-none-eabi-gcc/bin/../lib/gcc/arm-none-eabi/15.2.1/../../../../arm-none-eabi/lib/thumb/v7-m/nofp/libc_nano.a(libc_a-mallocr.o)
__malloc_unlock                                   /Users/matisserheaume-viale/Library/Application Support/Code/User/globalStorage/mylonics.embedded-build-tools/tools/arm-none-eabi-gcc/bin/../lib/gcc/arm-none-eabi/15.2.1/../../../../arm-none-eabi/lib/thumb/v7-m/nofp/libc_nano.a(libc_a-mlock.o)
                                                  /Users/matisserheaume-viale/Library/Application Support/Code/User/globalStorage/mylonics.embedded-build-tools/tools/arm-none-eabi-gcc/bin/../lib/gcc/arm-none-eabi/15.2.1/../../../../arm-none-eabi/lib/thumb/v7-m/nofp/libc_nano.a(libc_a-freer.o)
                                                  /Users/matisserheaume-viale/Library/Application Support/Code/User/globalStorage/mylonics.embedded-build-tools/tools/arm-none-eabi-gcc/bin/../lib/gcc/arm-none-eabi/15.2.1/../../../../arm-none-eabi/lib/thumb/v7-m/nofp/libc_nano.a(libc_a-mallocr.o)
__on_exit_args                                    /Users/matisserheaume-viale/Library/Application Support/Code/User/globalStorage/mylonics.embedded-build-tools/tools/arm-none-eabi-gcc/bin/../lib/gcc/arm-none-eabi/15.2.1/../../../../arm-none-eabi/lib/thumb/v7-m/nofp/libc_nano.a(libc_a-__atexit.o)
__preinit_array_end                               /Users/matisserheaume-viale/Library/Application Support/Code/User/globalStorage/mylonics.embedded-build-tools/tools/arm-none-eabi-gcc/bin/../lib/gcc/arm-none-eabi/15.2.1/../../../../arm-none-eabi/lib/thumb/v7-m/nofp/libc_nano.a(libc_a-init.o)
__preinit_array_start                             /Users/matisserheaume-viale/Library/Application Support/Code/User/globalStorage/mylonics.embedded-build-tools/tools/arm-none-eabi-gcc/bin/../lib/gcc/arm-none-eabi/15.2.1/../../../../arm-none-eabi/lib/thumb/v7-m/nofp/libc_nano.a(libc_a-init.o)
__register_exitproc                               /Users/matisserheaume-viale/Library/Application Support/Code/User/globalStorage/mylonics.embedded-build-tools/tools/arm-none-eabi-gcc/bin/../lib/gcc/arm-none-eabi/15.2.1/../../../../arm-none-eabi/lib/thumb/v7-m/nofp/libc_nano.a(libc_a-__atexit.o)
                                                  /Users/matisserheaume-viale/Library/Application Support/Code/User/globalStorage/mylonics.embedded-build-tools/tools/arm-none-eabi-gcc/bin/../lib/gcc/arm-none-eabi/15.2.1/../../../../arm-none-eabi/lib/thumb/v7-m/nofp/libc_nano.a(libc_a-atexit.o)
__register_frame_info                             /Users/matisserheaume-viale/Library/Application Support/Code/User/globalStorage/mylonics.embedded-build-tools/tools/arm-none-eabi-gcc/bin/../lib/gcc/arm-none-eabi/15.2.1/thumb/v7-m/nofp/crtbegin.o
__retarget_lock_acquire                           /Users/matisserheaume-viale/Library/Application Support/Code/User/globalStorage/mylonics.embedded-build-tools/tools/arm-none-eabi-gcc/bin/../lib/gcc/arm-none-eabi/15.2.1/../../../../arm-none-eabi/lib/thumb/v7-m/nofp/libc_nano.a(libc_a-lock.o)
__retarget_lock_acquire_recursive                 /Users/matisserheaume-viale/Library/Application Support/Code/User/globalStorage/mylonics.embedded-build-tools/tools/arm-none-eabi-gcc/bin/../lib/gcc/arm-none-eabi/15.2.1/../../../../arm-none-eabi/lib/thumb/v7-m/nofp/libc_nano.a(libc_a-lock.o)
                                                  /Users/matisserheaume-viale/Library/Application Support/Code/User/globalStorage/mylonics.embedded-build-tools/tools/arm-none-eabi-gcc/bin/../lib/gcc/arm-none-eabi/15.2.1/../../../../arm-none-eabi/lib/thumb/v7-m/nofp/libc_nano.a(libc_a-fflush.o)
                                                  /Users/matisserheaume-viale/Library/Application Support/Code/User/globalStorage/mylonics.embedded-build-tools/tools/arm-none-eabi-gcc/bin/../lib/gcc/arm-none-eabi/15.2.1/../../../../arm-none-eabi/lib/thumb/v7-m/nofp/libc_nano.a(libc_a-mlock.o)
                                                  /Users/matisserheaume-viale/Library/Application Support/Code/User/globalStorage/mylonics.embedded-build-tools/tools/arm-none-eabi-gcc/bin/../lib/gcc/arm-none-eabi/15.2.1/../../../../arm-none-eabi/lib/thumb/v7-m/nofp/libc_nano.a(libc_a-__call_atexit.o)
                                                  /Users/matisserheaume-viale/Library/Application Support/Code/User/globalStorage/mylonics.embedded-build-tools/tools/arm-none-eabi-gcc/bin/../lib/gcc/arm-none-eabi/15.2.1/../../../../arm-none-eabi/lib/thumb/v7-m/nofp/libc_nano.a(libc_a-__atexit.o)
                                                  /Users/matisserheaume-viale/Library/Application Support/Code/User/globalStorage/mylonics.embedded-build-tools/tools/arm-none-eabi-gcc/bin/../lib/gcc/arm-none-eabi/15.2.1/../../../../arm-none-eabi/lib/thumb/v7-m/nofp/libc_nano.a(libc_a-findfp.o)
__retarget_lock_close                             /Users/matisserheaume-viale/Library/Application Support/Code/User/globalStorage/mylonics.embedded-build-tools/tools/arm-none-eabi-gcc/bin/../lib/gcc/arm-none-eabi/15.2.1/../../../../arm-none-eabi/lib/thumb/v7-m/nofp/libc_nano.a(libc_a-lock.o)
__retarget_lock_close_recursive                   /Users/matisserheaume-viale/Library/Application Support/Code/User/globalStorage/mylonics.embedded-build-tools/tools/arm-none-eabi-gcc/bin/../lib/gcc/arm-none-eabi/15.2.1/../../../../arm-none-eabi/lib/thumb/v7-m/nofp/libc_nano.a(libc_a-lock.o)
__retarget_lock_init                              /Users/matisserheaume-viale/Library/Application Support/Code/User/globalStorage/mylonics.embedded-build-tools/tools/arm-none-eabi-gcc/bin/../lib/gcc/arm-none-eabi/15.2.1/../../../../arm-none-eabi/lib/thumb/v7-m/nofp/libc_nano.a(libc_a-lock.o)
__retarget_lock_init_recursive                    /Users/matisserheaume-viale/Library/Application Support/Code/User/globalStorage/mylonics.embedded-build-tools/tools/arm-none-eabi-gcc/bin/../lib/gcc/arm-none-eabi/15.2.1/../../../../arm-none-eabi/lib/thumb/v7-m/nofp/libc_nano.a(libc_a-lock.o)
                                                  /Users/matisserheaume-viale/Library/Application Support/Code/User/globalStorage/mylonics.embedded-build-tools/tools/arm-none-eabi-gcc/bin/../lib/gcc/arm-none-eabi/15.2.1/../../../../arm-none-eabi/lib/thumb/v7-m/nofp/libc_nano.a(libc_a-findfp.o)
__retarget_lock_release                           /Users/matisserheaume-viale/Library/Application Support/Code/User/globalStorage/mylonics.embedded-build-tools/tools/arm-none-eabi-gcc/bin/../lib/gcc/arm-none-eabi/15.2.1/../../../../arm-none-eabi/lib/thumb/v7-m/nofp/libc_nano.a(libc_a-lock.o)
__retarget_lock_release_recursive                 /Users/matisserheaume-viale/Library/Application Support/Code/User/globalStorage/mylonics.embedded-build-tools/tools/arm-none-eabi-gcc/bin/../lib/gcc/arm-none-eabi/15.2.1/../../../../arm-none-eabi/lib/thumb/v7-m/nofp/libc_nano.a(libc_a-lock.o)
                                                  /Users/matisserheaume-viale/Library/Application Support/Code/User/globalStorage/mylonics.embedded-build-tools/tools/arm-none-eabi-gcc/bin/../lib/gcc/arm-none-eabi/15.2.1/../../../../arm-none-eabi/lib/thumb/v7-m/nofp/libc_nano.a(libc_a-fflush.o)
                                                  /Users/matisserheaume-viale/Library/Application Support/Code/User/globalStorage/mylonics.embedded-build-tools/tools/arm-none-eabi-gcc/bin/../lib/gcc/arm-none-eabi/15.2.1/../../../../arm-none-eabi/lib/thumb/v7-m/nofp/libc_nano.a(libc_a-mlock.o)
                                                  /Users/matisserheaume-viale/Library/Application Support/Code/User/globalStorage/mylonics.embedded-build-tools/tools/arm-none-eabi-gcc/bin/../lib/gcc/arm-none-eabi/15.2.1/../../../../arm-none-eabi/lib/thumb/v7-m/nofp/libc_nano.a(libc_a-__call_atexit.o)
                                                  /Users/matisserheaume-viale/Library/Application Support/Code/User/globalStorage/mylonics.embedded-build-tools/tools/arm-none-eabi-gcc/bin/../lib/gcc/arm-none-eabi/15.2.1/../../../../arm-none-eabi/lib/thumb/v7-m/nofp/libc_nano.a(libc_a-__atexit.o)
                                                  /Users/matisserheaume-viale/Library/Application Support/Code/User/globalStorage/mylonics.embedded-build-tools/tools/arm-none-eabi-gcc/bin/../lib/gcc/arm-none-eabi/15.2.1/../../../../arm-none-eabi/lib/thumb/v7-m/nofp/libc_nano.a(libc_a-findfp.o)
__retarget_lock_try_acquire                       /Users/matisserheaume-viale/Library/Application Support/Code/User/globalStorage/mylonics.embedded-build-tools/tools/arm-none-eabi-gcc/bin/../lib/gcc/arm-none-eabi/15.2.1/../../../../arm-none-eabi/lib/thumb/v7-m/nofp/libc_nano.a(libc_a-lock.o)
__retarget_lock_try_acquire_recursive             /Users/matisserheaume-viale/Library/Application Support/Code/User/globalStorage/mylonics.embedded-build-tools/tools/arm-none-eabi-gcc/bin/../lib/gcc/arm-none-eabi/15.2.1/../../../../arm-none-eabi/lib/thumb/v7-m/nofp/libc_nano.a(libc_a-lock.o)
__sclose                                          /Users/matisserheaume-viale/Library/Application Support/Code/User/globalStorage/mylonics.embedded-build-tools/tools/arm-none-eabi-gcc/bin/../lib/gcc/arm-none-eabi/15.2.1/../../../../arm-none-eabi/lib/thumb/v7-m/nofp/libc_nano.a(libc_a-stdio.o)
                                                  /Users/matisserheaume-viale/Library/Application Support/Code/User/globalStorage/mylonics.embedded-build-tools/tools/arm-none-eabi-gcc/bin/../lib/gcc/arm-none-eabi/15.2.1/../../../../arm-none-eabi/lib/thumb/v7-m/nofp/libc_nano.a(libc_a-findfp.o)
__seofread                                        /Users/matisserheaume-viale/Library/Application Support/Code/User/globalStorage/mylonics.embedded-build-tools/tools/arm-none-eabi-gcc/bin/../lib/gcc/arm-none-eabi/15.2.1/../../../../arm-none-eabi/lib/thumb/v7-m/nofp/libc_nano.a(libc_a-stdio.o)
__sf                                              /Users/matisserheaume-viale/Library/Application Support/Code/User/globalStorage/mylonics.embedded-build-tools/tools/arm-none-eabi-gcc/bin/../lib/gcc/arm-none-eabi/15.2.1/../../../../arm-none-eabi/lib/thumb/v7-m/nofp/libc_nano.a(libc_a-findfp.o)
                                                  /Users/matisserheaume-viale/Library/Application Support/Code/User/globalStorage/mylonics.embedded-build-tools/tools/arm-none-eabi-gcc/bin/../lib/gcc/arm-none-eabi/15.2.1/../../../../arm-none-eabi/lib/thumb/v7-m/nofp/libc_nano.a(libc_a-impure.o)
__sflush_r                                        /Users/matisserheaume-viale/Library/Application Support/Code/User/globalStorage/mylonics.embedded-build-tools/tools/arm-none-eabi-gcc/bin/../lib/gcc/arm-none-eabi/15.2.1/../../../../arm-none-eabi/lib/thumb/v7-m/nofp/libc_nano.a(libc_a-fflush.o)
__sfp                                             /Users/matisserheaume-viale/Library/Application Support/Code/User/globalStorage/mylonics.embedded-build-tools/tools/arm-none-eabi-gcc/bin/../lib/gcc/arm-none-eabi/15.2.1/../../../../arm-none-eabi/lib/thumb/v7-m/nofp/libc_nano.a(libc_a-findfp.o)
__sfp_lock_acquire                                /Users/matisserheaume-viale/Library/Application Support/Code/User/globalStorage/mylonics.embedded-build-tools/tools/arm-none-eabi-gcc/bin/../lib/gcc/arm-none-eabi/15.2.1/../../../../arm-none-eabi/lib/thumb/v7-m/nofp/libc_nano.a(libc_a-findfp.o)
__sfp_lock_release                                /Users/matisserheaume-viale/Library/Application Support/Code/User/globalStorage/mylonics.embedded-build-tools/tools/arm-none-eabi-gcc/bin/../lib/gcc/arm-none-eabi/15.2.1/../../../../arm-none-eabi/lib/thumb/v7-m/nofp/libc_nano.a(libc_a-findfp.o)
__sglue                                           /Users/matisserheaume-viale/Library/Application Support/Code/User/globalStorage/mylonics.embedded-build-tools/tools/arm-none-eabi-gcc/bin/../lib/gcc/arm-none-eabi/15.2.1/../../../../arm-none-eabi/lib/thumb/v7-m/nofp/libc_nano.a(libc_a-findfp.o)
                                                  /Users/matisserheaume-viale/Library/Application Support/Code/User/globalStorage/mylonics.embedded-build-tools/tools/arm-none-eabi-gcc/bin/../lib/gcc/arm-none-eabi/15.2.1/../../../../arm-none-eabi/lib/thumb/v7-m/nofp/libc_nano.a(libc_a-fflush.o)
__sinit                                           /Users/matisserheaume-viale/Library/Application Support/Code/User/globalStorage/mylonics.embedded-build-tools/tools/arm-none-eabi-gcc/bin/../lib/gcc/arm-none-eabi/15.2.1/../../../../arm-none-eabi/lib/thumb/v7-m/nofp/libc_nano.a(libc_a-findfp.o)
                                                  /Users/matisserheaume-viale/Library/Application Support/Code/User/globalStorage/mylonics.embedded-build-tools/tools/arm-none-eabi-gcc/bin/../lib/gcc/arm-none-eabi/15.2.1/../../../../arm-none-eabi/lib/thumb/v7-m/nofp/libc_nano.a(libc_a-fflush.o)
__sread                                           /Users/matisserheaume-viale/Library/Application Support/Code/User/globalStorage/mylonics.embedded-build-tools/tools/arm-none-eabi-gcc/bin/../lib/gcc/arm-none-eabi/15.2.1/../../../../arm-none-eabi/lib/thumb/v7-m/nofp/libc_nano.a(libc_a-stdio.o)
                                                  /Users/matisserheaume-viale/Library/Application Support/Code/User/globalStorage/mylonics.embedded-build-tools/tools/arm-none-eabi-gcc/bin/../lib/gcc/arm-none-eabi/15.2.1/../../../../arm-none-eabi/lib/thumb/v7-m/nofp/libc_nano.a(libc_a-findfp.o)
__sseek                                           /Users/matisserheaume-viale/Library/Application Support/Code/User/globalStorage/mylonics.embedded-build-tools/tools/arm-none-eabi-gcc/bin/../lib/gcc/arm-none-eabi/15.2.1/../../../../arm-none-eabi/lib/thumb/v7-m/nofp/libc_nano.a(libc_a-stdio.o)
                                                  /Users/matisserheaume-viale/Library/Application Support/Code/User/globalStorage/mylonics.embedded-build-tools/tools/arm-none-eabi-gcc/bin/../lib/gcc/arm-none-eabi/15.2.1/../../../../arm-none-eabi/lib/thumb/v7-m/nofp/libc_nano.a(libc_a-findfp.o)
__stack                                           /Users/matisserheaume-viale/Library/Application Support/Code/User/globalStorage/mylonics.embedded-build-tools/tools/arm-none-eabi-gcc/bin/../lib/gcc/arm-none-eabi/15.2.1/../../../../arm-none-eabi/lib/thumb/v7-m/nofp/crt0.o
__stdio_exit_handler                              /Users/matisserheaume-viale/Library/Application Support/Code/User/globalStorage/mylonics.embedded-build-tools/tools/arm-none-eabi-gcc/bin/../lib/gcc/arm-none-eabi/15.2.1/../../../../arm-none-eabi/lib/thumb/v7-m/nofp/libc_nano.a(libc_a-findfp.o)
                                                  /Users/matisserheaume-viale/Library/Application Support/Code/User/globalStorage/mylonics.embedded-build-tools/tools/arm-none-eabi-gcc/bin/../lib/gcc/arm-none-eabi/15.2.1/../../../../arm-none-eabi/lib/thumb/v7-m/nofp/libc_nano.a(libc_a-exit.o)
__swrite                                          /Users/matisserheaume-viale/Library/Application Support/Code/User/globalStorage/mylonics.embedded-build-tools/tools/arm-none-eabi-gcc/bin/../lib/gcc/arm-none-eabi/15.2.1/../../../../arm-none-eabi/lib/thumb/v7-m/nofp/libc_nano.a(libc_a-stdio.o)
                                                  /Users/matisserheaume-viale/Library/Application Support/Code/User/globalStorage/mylonics.embedded-build-tools/tools/arm-none-eabi-gcc/bin/../lib/gcc/arm-none-eabi/15.2.1/../../../../arm-none-eabi/lib/thumb/v7-m/nofp/libc_nano.a(libc_a-findfp.o)
_close                                            /Users/matisserheaume-viale/Library/Application Support/Code/User/globalStorage/mylonics.embedded-build-tools/tools/arm-none-eabi-gcc/bin/../lib/gcc/arm-none-eabi/15.2.1/../../../../arm-none-eabi/lib/thumb/v7-m/nofp/libnosys.a(close.o)
                                                  /Users/matisserheaume-viale/Library/Application Support/Code/User/globalStorage/mylonics.embedded-build-tools/tools/arm-none-eabi-gcc/bin/../lib/gcc/arm-none-eabi/15.2.1/../../../../arm-none-eabi/lib/thumb/v7-m/nofp/libc_nano.a(libc_a-closer.o)
_close_r                                          /Users/matisserheaume-viale/Library/Application Support/Code/User/globalStorage/mylonics.embedded-build-tools/tools/arm-none-eabi-gcc/bin/../lib/gcc/arm-none-eabi/15.2.1/../../../../arm-none-eabi/lib/thumb/v7-m/nofp/libc_nano.a(libc_a-closer.o)
                                                  /Users/matisserheaume-viale/Library/Application Support/Code/User/globalStorage/mylonics.embedded-build-tools/tools/arm-none-eabi-gcc/bin/../lib/gcc/arm-none-eabi/15.2.1/../../../../arm-none-eabi/lib/thumb/v7-m/nofp/libc_nano.a(libc_a-stdio.o)
_ebss                                             CMakeFiles/firmware.dir/Users/matisserheaume-viale/Code/TEP-Session-3-2026-2027/243-356-LI_-_Programmation_3_-_Microcontroleurs_et_peripheriques/Laboratoires/Lab1_GPIO/startup_stm32f103xb.s.obj
_edata                                            CMakeFiles/firmware.dir/Users/matisserheaume-viale/Code/TEP-Session-3-2026-2027/243-356-LI_-_Programmation_3_-_Microcontroleurs_et_peripheriques/Laboratoires/Lab1_GPIO/startup_stm32f103xb.s.obj
_estack                                           CMakeFiles/firmware.dir/Users/matisserheaume-viale/Code/TEP-Session-3-2026-2027/243-356-LI_-_Programmation_3_-_Microcontroleurs_et_peripheriques/Laboratoires/Lab1_GPIO/startup_stm32f103xb.s.obj
_exit                                             /Users/matisserheaume-viale/Library/Application Support/Code/User/globalStorage/mylonics.embedded-build-tools/tools/arm-none-eabi-gcc/bin/../lib/gcc/arm-none-eabi/15.2.1/../../../../arm-none-eabi/lib/thumb/v7-m/nofp/libnosys.a(_exit.o)
                                                  /Users/matisserheaume-viale/Library/Application Support/Code/User/globalStorage/mylonics.embedded-build-tools/tools/arm-none-eabi-gcc/bin/../lib/gcc/arm-none-eabi/15.2.1/../../../../arm-none-eabi/lib/thumb/v7-m/nofp/libc_nano.a(libc_a-exit.o)
_fflush_r                                         /Users/matisserheaume-viale/Library/Application Support/Code/User/globalStorage/mylonics.embedded-build-tools/tools/arm-none-eabi-gcc/bin/../lib/gcc/arm-none-eabi/15.2.1/../../../../arm-none-eabi/lib/thumb/v7-m/nofp/libc_nano.a(libc_a-fflush.o)
                                                  /Users/matisserheaume-viale/Library/Application Support/Code/User/globalStorage/mylonics.embedded-build-tools/tools/arm-none-eabi-gcc/bin/../lib/gcc/arm-none-eabi/15.2.1/../../../../arm-none-eabi/lib/thumb/v7-m/nofp/libc_nano.a(libc_a-findfp.o)
_fini                                             /Users/matisserheaume-viale/Library/Application Support/Code/User/globalStorage/mylonics.embedded-build-tools/tools/arm-none-eabi-gcc/bin/../lib/gcc/arm-none-eabi/15.2.1/thumb/v7-m/nofp/crti.o
                                                  /Users/matisserheaume-viale/Library/Application Support/Code/User/globalStorage/mylonics.embedded-build-tools/tools/arm-none-eabi-gcc/bin/../lib/gcc/arm-none-eabi/15.2.1/../../../../arm-none-eabi/lib/thumb/v7-m/nofp/libc_nano.a(libc_a-fini.o)
_free_r                                           /Users/matisserheaume-viale/Library/Application Support/Code/User/globalStorage/mylonics.embedded-build-tools/tools/arm-none-eabi-gcc/bin/../lib/gcc/arm-none-eabi/15.2.1/../../../../arm-none-eabi/lib/thumb/v7-m/nofp/libc_nano.a(libc_a-freer.o)
                                                  /Users/matisserheaume-viale/Library/Application Support/Code/User/globalStorage/mylonics.embedded-build-tools/tools/arm-none-eabi-gcc/bin/../lib/gcc/arm-none-eabi/15.2.1/../../../../arm-none-eabi/lib/thumb/v7-m/nofp/libc_nano.a(libc_a-reent.o)
                                                  /Users/matisserheaume-viale/Library/Application Support/Code/User/globalStorage/mylonics.embedded-build-tools/tools/arm-none-eabi-gcc/bin/../lib/gcc/arm-none-eabi/15.2.1/../../../../arm-none-eabi/lib/thumb/v7-m/nofp/libc_nano.a(libc_a-fflush.o)
_fwalk_sglue                                      /Users/matisserheaume-viale/Library/Application Support/Code/User/globalStorage/mylonics.embedded-build-tools/tools/arm-none-eabi-gcc/bin/../lib/gcc/arm-none-eabi/15.2.1/../../../../arm-none-eabi/lib/thumb/v7-m/nofp/libc_nano.a(libc_a-fwalk.o)
                                                  /Users/matisserheaume-viale/Library/Application Support/Code/User/globalStorage/mylonics.embedded-build-tools/tools/arm-none-eabi-gcc/bin/../lib/gcc/arm-none-eabi/15.2.1/../../../../arm-none-eabi/lib/thumb/v7-m/nofp/libc_nano.a(libc_a-fflush.o)
                                                  /Users/matisserheaume-viale/Library/Application Support/Code/User/globalStorage/mylonics.embedded-build-tools/tools/arm-none-eabi-gcc/bin/../lib/gcc/arm-none-eabi/15.2.1/../../../../arm-none-eabi/lib/thumb/v7-m/nofp/libc_nano.a(libc_a-findfp.o)
_impure_data                                      /Users/matisserheaume-viale/Library/Application Support/Code/User/globalStorage/mylonics.embedded-build-tools/tools/arm-none-eabi-gcc/bin/../lib/gcc/arm-none-eabi/15.2.1/../../../../arm-none-eabi/lib/thumb/v7-m/nofp/libc_nano.a(libc_a-impure.o)
                                                  /Users/matisserheaume-viale/Library/Application Support/Code/User/globalStorage/mylonics.embedded-build-tools/tools/arm-none-eabi-gcc/bin/../lib/gcc/arm-none-eabi/15.2.1/../../../../arm-none-eabi/lib/thumb/v7-m/nofp/libc_nano.a(libc_a-fflush.o)
                                                  /Users/matisserheaume-viale/Library/Application Support/Code/User/globalStorage/mylonics.embedded-build-tools/tools/arm-none-eabi-gcc/bin/../lib/gcc/arm-none-eabi/15.2.1/../../../../arm-none-eabi/lib/thumb/v7-m/nofp/libc_nano.a(libc_a-findfp.o)
_impure_ptr                                       /Users/matisserheaume-viale/Library/Application Support/Code/User/globalStorage/mylonics.embedded-build-tools/tools/arm-none-eabi-gcc/bin/../lib/gcc/arm-none-eabi/15.2.1/../../../../arm-none-eabi/lib/thumb/v7-m/nofp/libc_nano.a(libc_a-impure.o)
                                                  /Users/matisserheaume-viale/Library/Application Support/Code/User/globalStorage/mylonics.embedded-build-tools/tools/arm-none-eabi-gcc/bin/../lib/gcc/arm-none-eabi/15.2.1/../../../../arm-none-eabi/lib/thumb/v7-m/nofp/libc_nano.a(libc_a-reent.o)
                                                  /Users/matisserheaume-viale/Library/Application Support/Code/User/globalStorage/mylonics.embedded-build-tools/tools/arm-none-eabi-gcc/bin/../lib/gcc/arm-none-eabi/15.2.1/../../../../arm-none-eabi/lib/thumb/v7-m/nofp/libc_nano.a(libc_a-fflush.o)
_init                                             /Users/matisserheaume-viale/Library/Application Support/Code/User/globalStorage/mylonics.embedded-build-tools/tools/arm-none-eabi-gcc/bin/../lib/gcc/arm-none-eabi/15.2.1/thumb/v7-m/nofp/crti.o
                                                  /Users/matisserheaume-viale/Library/Application Support/Code/User/globalStorage/mylonics.embedded-build-tools/tools/arm-none-eabi-gcc/bin/../lib/gcc/arm-none-eabi/15.2.1/../../../../arm-none-eabi/lib/thumb/v7-m/nofp/libc_nano.a(libc_a-init.o)
_lseek                                            /Users/matisserheaume-viale/Library/Application Support/Code/User/globalStorage/mylonics.embedded-build-tools/tools/arm-none-eabi-gcc/bin/../lib/gcc/arm-none-eabi/15.2.1/../../../../arm-none-eabi/lib/thumb/v7-m/nofp/libnosys.a(lseek.o)
                                                  /Users/matisserheaume-viale/Library/Application Support/Code/User/globalStorage/mylonics.embedded-build-tools/tools/arm-none-eabi-gcc/bin/../lib/gcc/arm-none-eabi/15.2.1/../../../../arm-none-eabi/lib/thumb/v7-m/nofp/libc_nano.a(libc_a-lseekr.o)
_lseek_r                                          /Users/matisserheaume-viale/Library/Application Support/Code/User/globalStorage/mylonics.embedded-build-tools/tools/arm-none-eabi-gcc/bin/../lib/gcc/arm-none-eabi/15.2.1/../../../../arm-none-eabi/lib/thumb/v7-m/nofp/libc_nano.a(libc_a-lseekr.o)
                                                  /Users/matisserheaume-viale/Library/Application Support/Code/User/globalStorage/mylonics.embedded-build-tools/tools/arm-none-eabi-gcc/bin/../lib/gcc/arm-none-eabi/15.2.1/../../../../arm-none-eabi/lib/thumb/v7-m/nofp/libc_nano.a(libc_a-stdio.o)
_mainCRTStartup                                   /Users/matisserheaume-viale/Library/Application Support/Code/User/globalStorage/mylonics.embedded-build-tools/tools/arm-none-eabi-gcc/bin/../lib/gcc/arm-none-eabi/15.2.1/../../../../arm-none-eabi/lib/thumb/v7-m/nofp/crt0.o
_malloc_r                                         /Users/matisserheaume-viale/Library/Application Support/Code/User/globalStorage/mylonics.embedded-build-tools/tools/arm-none-eabi-gcc/bin/../lib/gcc/arm-none-eabi/15.2.1/../../../../arm-none-eabi/lib/thumb/v7-m/nofp/libc_nano.a(libc_a-mallocr.o)
                                                  /Users/matisserheaume-viale/Library/Application Support/Code/User/globalStorage/mylonics.embedded-build-tools/tools/arm-none-eabi-gcc/bin/../lib/gcc/arm-none-eabi/15.2.1/../../../../arm-none-eabi/lib/thumb/v7-m/nofp/libc_nano.a(libc_a-findfp.o)
_read                                             /Users/matisserheaume-viale/Library/Application Support/Code/User/globalStorage/mylonics.embedded-build-tools/tools/arm-none-eabi-gcc/bin/../lib/gcc/arm-none-eabi/15.2.1/../../../../arm-none-eabi/lib/thumb/v7-m/nofp/libnosys.a(read.o)
                                                  /Users/matisserheaume-viale/Library/Application Support/Code/User/globalStorage/mylonics.embedded-build-tools/tools/arm-none-eabi-gcc/bin/../lib/gcc/arm-none-eabi/15.2.1/../../../../arm-none-eabi/lib/thumb/v7-m/nofp/libc_nano.a(libc_a-readr.o)
_read_r                                           /Users/matisserheaume-viale/Library/Application Support/Code/User/globalStorage/mylonics.embedded-build-tools/tools/arm-none-eabi-gcc/bin/../lib/gcc/arm-none-eabi/15.2.1/../../../../arm-none-eabi/lib/thumb/v7-m/nofp/libc_nano.a(libc_a-readr.o)
                                                  /Users/matisserheaume-viale/Library/Application Support/Code/User/globalStorage/mylonics.embedded-build-tools/tools/arm-none-eabi-gcc/bin/../lib/gcc/arm-none-eabi/15.2.1/../../../../arm-none-eabi/lib/thumb/v7-m/nofp/libc_nano.a(libc_a-stdio.o)
_reclaim_reent                                    /Users/matisserheaume-viale/Library/Application Support/Code/User/globalStorage/mylonics.embedded-build-tools/tools/arm-none-eabi-gcc/bin/../lib/gcc/arm-none-eabi/15.2.1/../../../../arm-none-eabi/lib/thumb/v7-m/nofp/libc_nano.a(libc_a-reent.o)
_sbrk                                             /Users/matisserheaume-viale/Library/Application Support/Code/User/globalStorage/mylonics.embedded-build-tools/tools/arm-none-eabi-gcc/bin/../lib/gcc/arm-none-eabi/15.2.1/../../../../arm-none-eabi/lib/thumb/v7-m/nofp/libnosys.a(sbrk.o)
                                                  /Users/matisserheaume-viale/Library/Application Support/Code/User/globalStorage/mylonics.embedded-build-tools/tools/arm-none-eabi-gcc/bin/../lib/gcc/arm-none-eabi/15.2.1/../../../../arm-none-eabi/lib/thumb/v7-m/nofp/libc_nano.a(libc_a-sbrkr.o)
_sbrk_r                                           /Users/matisserheaume-viale/Library/Application Support/Code/User/globalStorage/mylonics.embedded-build-tools/tools/arm-none-eabi-gcc/bin/../lib/gcc/arm-none-eabi/15.2.1/../../../../arm-none-eabi/lib/thumb/v7-m/nofp/libc_nano.a(libc_a-sbrkr.o)
                                                  /Users/matisserheaume-viale/Library/Application Support/Code/User/globalStorage/mylonics.embedded-build-tools/tools/arm-none-eabi-gcc/bin/../lib/gcc/arm-none-eabi/15.2.1/../../../../arm-none-eabi/lib/thumb/v7-m/nofp/libc_nano.a(libc_a-mallocr.o)
_sbss                                             CMakeFiles/firmware.dir/Users/matisserheaume-viale/Code/TEP-Session-3-2026-2027/243-356-LI_-_Programmation_3_-_Microcontroleurs_et_peripheriques/Laboratoires/Lab1_GPIO/startup_stm32f103xb.s.obj
_sdata                                            CMakeFiles/firmware.dir/Users/matisserheaume-viale/Code/TEP-Session-3-2026-2027/243-356-LI_-_Programmation_3_-_Microcontroleurs_et_peripheriques/Laboratoires/Lab1_GPIO/startup_stm32f103xb.s.obj
_sidata                                           CMakeFiles/firmware.dir/Users/matisserheaume-viale/Code/TEP-Session-3-2026-2027/243-356-LI_-_Programmation_3_-_Microcontroleurs_et_peripheriques/Laboratoires/Lab1_GPIO/startup_stm32f103xb.s.obj
_stack_init                                       /Users/matisserheaume-viale/Library/Application Support/Code/User/globalStorage/mylonics.embedded-build-tools/tools/arm-none-eabi-gcc/bin/../lib/gcc/arm-none-eabi/15.2.1/../../../../arm-none-eabi/lib/thumb/v7-m/nofp/crt0.o
_start                                            /Users/matisserheaume-viale/Library/Application Support/Code/User/globalStorage/mylonics.embedded-build-tools/tools/arm-none-eabi-gcc/bin/../lib/gcc/arm-none-eabi/15.2.1/../../../../arm-none-eabi/lib/thumb/v7-m/nofp/crt0.o
_write                                            /Users/matisserheaume-viale/Library/Application Support/Code/User/globalStorage/mylonics.embedded-build-tools/tools/arm-none-eabi-gcc/bin/../lib/gcc/arm-none-eabi/15.2.1/../../../../arm-none-eabi/lib/thumb/v7-m/nofp/libnosys.a(write.o)
                                                  /Users/matisserheaume-viale/Library/Application Support/Code/User/globalStorage/mylonics.embedded-build-tools/tools/arm-none-eabi-gcc/bin/../lib/gcc/arm-none-eabi/15.2.1/../../../../arm-none-eabi/lib/thumb/v7-m/nofp/libc_nano.a(libc_a-writer.o)
_write_r                                          /Users/matisserheaume-viale/Library/Application Support/Code/User/globalStorage/mylonics.embedded-build-tools/tools/arm-none-eabi-gcc/bin/../lib/gcc/arm-none-eabi/15.2.1/../../../../arm-none-eabi/lib/thumb/v7-m/nofp/libc_nano.a(libc_a-writer.o)
                                                  /Users/matisserheaume-viale/Library/Application Support/Code/User/globalStorage/mylonics.embedded-build-tools/tools/arm-none-eabi-gcc/bin/../lib/gcc/arm-none-eabi/15.2.1/../../../../arm-none-eabi/lib/thumb/v7-m/nofp/libc_nano.a(libc_a-stdio.o)
atexit                                            /Users/matisserheaume-viale/Library/Application Support/Code/User/globalStorage/mylonics.embedded-build-tools/tools/arm-none-eabi-gcc/bin/../lib/gcc/arm-none-eabi/15.2.1/../../../../arm-none-eabi/lib/thumb/v7-m/nofp/libc_nano.a(libc_a-atexit.o)
                                                  /Users/matisserheaume-viale/Library/Application Support/Code/User/globalStorage/mylonics.embedded-build-tools/tools/arm-none-eabi-gcc/bin/../lib/gcc/arm-none-eabi/15.2.1/../../../../arm-none-eabi/lib/thumb/v7-m/nofp/crt0.o
end                                               /Users/matisserheaume-viale/Library/Application Support/Code/User/globalStorage/mylonics.embedded-build-tools/tools/arm-none-eabi-gcc/bin/../lib/gcc/arm-none-eabi/15.2.1/../../../../arm-none-eabi/lib/thumb/v7-m/nofp/libnosys.a(sbrk.o)
errno                                             /Users/matisserheaume-viale/Library/Application Support/Code/User/globalStorage/mylonics.embedded-build-tools/tools/arm-none-eabi-gcc/bin/../lib/gcc/arm-none-eabi/15.2.1/../../../../arm-none-eabi/lib/thumb/v7-m/nofp/libc_nano.a(libc_a-reent.o)
                                                  /Users/matisserheaume-viale/Library/Application Support/Code/User/globalStorage/mylonics.embedded-build-tools/tools/arm-none-eabi-gcc/bin/../lib/gcc/arm-none-eabi/15.2.1/../../../../arm-none-eabi/lib/thumb/v7-m/nofp/libnosys.a(write.o)
                                                  /Users/matisserheaume-viale/Library/Application Support/Code/User/globalStorage/mylonics.embedded-build-tools/tools/arm-none-eabi-gcc/bin/../lib/gcc/arm-none-eabi/15.2.1/../../../../arm-none-eabi/lib/thumb/v7-m/nofp/libnosys.a(read.o)
                                                  /Users/matisserheaume-viale/Library/Application Support/Code/User/globalStorage/mylonics.embedded-build-tools/tools/arm-none-eabi-gcc/bin/../lib/gcc/arm-none-eabi/15.2.1/../../../../arm-none-eabi/lib/thumb/v7-m/nofp/libnosys.a(lseek.o)
                                                  /Users/matisserheaume-viale/Library/Application Support/Code/User/globalStorage/mylonics.embedded-build-tools/tools/arm-none-eabi-gcc/bin/../lib/gcc/arm-none-eabi/15.2.1/../../../../arm-none-eabi/lib/thumb/v7-m/nofp/libnosys.a(close.o)
                                                  /Users/matisserheaume-viale/Library/Application Support/Code/User/globalStorage/mylonics.embedded-build-tools/tools/arm-none-eabi-gcc/bin/../lib/gcc/arm-none-eabi/15.2.1/../../../../arm-none-eabi/lib/thumb/v7-m/nofp/libc_nano.a(libc_a-closer.o)
                                                  /Users/matisserheaume-viale/Library/Application Support/Code/User/globalStorage/mylonics.embedded-build-tools/tools/arm-none-eabi-gcc/bin/../lib/gcc/arm-none-eabi/15.2.1/../../../../arm-none-eabi/lib/thumb/v7-m/nofp/libc_nano.a(libc_a-writer.o)
                                                  /Users/matisserheaume-viale/Library/Application Support/Code/User/globalStorage/mylonics.embedded-build-tools/tools/arm-none-eabi-gcc/bin/../lib/gcc/arm-none-eabi/15.2.1/../../../../arm-none-eabi/lib/thumb/v7-m/nofp/libc_nano.a(libc_a-sbrkr.o)
                                                  /Users/matisserheaume-viale/Library/Application Support/Code/User/globalStorage/mylonics.embedded-build-tools/tools/arm-none-eabi-gcc/bin/../lib/gcc/arm-none-eabi/15.2.1/../../../../arm-none-eabi/lib/thumb/v7-m/nofp/libc_nano.a(libc_a-readr.o)
                                                  /Users/matisserheaume-viale/Library/Application Support/Code/User/globalStorage/mylonics.embedded-build-tools/tools/arm-none-eabi-gcc/bin/../lib/gcc/arm-none-eabi/15.2.1/../../../../arm-none-eabi/lib/thumb/v7-m/nofp/libc_nano.a(libc_a-lseekr.o)
exit                                              /Users/matisserheaume-viale/Library/Application Support/Code/User/globalStorage/mylonics.embedded-build-tools/tools/arm-none-eabi-gcc/bin/../lib/gcc/arm-none-eabi/15.2.1/../../../../arm-none-eabi/lib/thumb/v7-m/nofp/libc_nano.a(libc_a-exit.o)
                                                  /Users/matisserheaume-viale/Library/Application Support/Code/User/globalStorage/mylonics.embedded-build-tools/tools/arm-none-eabi-gcc/bin/../lib/gcc/arm-none-eabi/15.2.1/../../../../arm-none-eabi/lib/thumb/v7-m/nofp/crt0.o
fflush                                            /Users/matisserheaume-viale/Library/Application Support/Code/User/globalStorage/mylonics.embedded-build-tools/tools/arm-none-eabi-gcc/bin/../lib/gcc/arm-none-eabi/15.2.1/../../../../arm-none-eabi/lib/thumb/v7-m/nofp/libc_nano.a(libc_a-fflush.o)
g_pfnVectors                                      CMakeFiles/firmware.dir/Users/matisserheaume-viale/Code/TEP-Session-3-2026-2027/243-356-LI_-_Programmation_3_-_Microcontroleurs_et_peripheriques/Laboratoires/Lab1_GPIO/startup_stm32f103xb.s.obj
hardware_init_hook                                /Users/matisserheaume-viale/Library/Application Support/Code/User/globalStorage/mylonics.embedded-build-tools/tools/arm-none-eabi-gcc/bin/../lib/gcc/arm-none-eabi/15.2.1/../../../../arm-none-eabi/lib/thumb/v7-m/nofp/crt0.o
main                                              CMakeFiles/firmware.dir/Users/matisserheaume-viale/Code/TEP-Session-3-2026-2027/243-356-LI_-_Programmation_3_-_Microcontroleurs_et_peripheriques/Laboratoires/Lab1_GPIO/Src/Lab1.c.obj
                                                  CMakeFiles/firmware.dir/Users/matisserheaume-viale/Code/TEP-Session-3-2026-2027/243-356-LI_-_Programmation_3_-_Microcontroleurs_et_peripheriques/Laboratoires/Lab1_GPIO/startup_stm32f103xb.s.obj
                                                  /Users/matisserheaume-viale/Library/Application Support/Code/User/globalStorage/mylonics.embedded-build-tools/tools/arm-none-eabi-gcc/bin/../lib/gcc/arm-none-eabi/15.2.1/../../../../arm-none-eabi/lib/thumb/v7-m/nofp/crt0.o
malloc                                            /Users/matisserheaume-viale/Library/Application Support/Code/User/globalStorage/mylonics.embedded-build-tools/tools/arm-none-eabi-gcc/bin/../lib/gcc/arm-none-eabi/15.2.1/../../../../arm-none-eabi/lib/thumb/v7-m/nofp/libc_nano.a(libc_a-__atexit.o)
memset                                            /Users/matisserheaume-viale/Library/Application Support/Code/User/globalStorage/mylonics.embedded-build-tools/tools/arm-none-eabi-gcc/bin/../lib/gcc/arm-none-eabi/15.2.1/../../../../arm-none-eabi/lib/thumb/v7-m/nofp/libc_nano.a(libc_a-memset.o)
                                                  /Users/matisserheaume-viale/Library/Application Support/Code/User/globalStorage/mylonics.embedded-build-tools/tools/arm-none-eabi-gcc/bin/../lib/gcc/arm-none-eabi/15.2.1/../../../../arm-none-eabi/lib/thumb/v7-m/nofp/libc_nano.a(libc_a-findfp.o)
                                                  /Users/matisserheaume-viale/Library/Application Support/Code/User/globalStorage/mylonics.embedded-build-tools/tools/arm-none-eabi-gcc/bin/../lib/gcc/arm-none-eabi/15.2.1/../../../../arm-none-eabi/lib/thumb/v7-m/nofp/crt0.o
software_init_hook                                /Users/matisserheaume-viale/Library/Application Support/Code/User/globalStorage/mylonics.embedded-build-tools/tools/arm-none-eabi-gcc/bin/../lib/gcc/arm-none-eabi/15.2.1/../../../../arm-none-eabi/lib/thumb/v7-m/nofp/crt0.o
